mysql> use hello_mysql;
Reading table information for completion of table and column names
You can turn off this feature to get a quicker startup with -A

Database changed
mysql> create table SC(userID int auto_increment primary key),
    -> name varchar(10),
    -> ;
ERROR 1064 (42000): You have an error in your SQL syntax; check the manual that corresponds to your MySQL server version for the right syntax to use near '
name varchar(10),' at line 1
mysql> create table SC(userID int auto_increment primary key, name varchar(10),     -> method  set('app','pc','ipad'),
    -> logindate  datetime);
Query OK, 0 rows affected (0.26 sec)

mysql> insert into SC(userid,name,method,logindate)value (23456,527,"pc",20181027);
Query OK, 1 row affected (0.09 sec)

mysql> insert into SC(userid,name,method,logindate)value(5432,"zly","app",20171111), (4519,"wsj","ipad",20171217), (3207,"ll","pc",2018611);
ERROR 1292 (22007): Incorrect datetime value: '2018611' for column 'logindate' at row 3
mysql> insert into SC(userid,name,method,logindate)value(5432,"zly","app",20171111), (4519,"wsj","ipad",20171217), (3207,"ll","pc",20180611);
Query OK, 3 rows affected (0.00 sec)
Records: 3  Duplicates: 0  Warnings: 0

mysql> select case when abs(datediff(logindate,now()))>30 then "你去死吧" when abs(datediff(logindate,now()))>9  then "你特么的回不回来" when abs(datediff(logindate,now()))>7  then "快回来小天才" end from SC;
+-------------------------------------------------------------------------------------------------------------------------------------------------------------------------------------------------------------+
| case when abs(datediff(logindate,now()))>30 then "你去死吧" when abs(datediff(logindate,now()))>9  then "你特么的回不回来" when abs(datediff(logindate,now()))>7  then "快回来小天才" end                   |
+-------------------------------------------------------------------------------------------------------------------------------------------------------------------------------------------------------------+
| 你去死吧                                                                                                                                                                                                    |
| 你去死吧                                                                                                                                                                                                    |
| 你去死吧                                                                                                                                                                                                    |
| 你特么的回不回来                                                                                                                                                                                            |
+-------------------------------------------------------------------------------------------------------------------------------------------------------------------------------------------------------------+
4 rows in set (0.33 sec)
